Archive member included because of file (symbol)

/opt/or32-new/or32-elf/lib//libg.a(lib_a-memset.o)
                              /tmp/ccOiFX0V.o (memset)

Allocating common symbols
Common symbol       size              file

g_input             0x4               /tmp/ccwrmHsT.o
D                   0x4               /tmp/ccOiFX0V.o
video_size_get      0x4               /tmp/ccwrmHsT.o
g_list0_map_addr    0x10              /tmp/ccwrmHsT.o
b                   0x4               /tmp/ccOiFX0V.o
s_inter_mem_size    0x4               /tmp/ccugTkyl.o
x                   0x40              /tmp/ccOiFX0V.o
vld_table_addr      0x4               /tmp/ccwrmHsT.o
flen                0x8               /tmp/ccOiFX0V.o
s_extra_mem_size    0x4               /tmp/ccugTkyl.o
frame_buf_size      0x4               /tmp/ccwrmHsT.o
bs_buffer_length    0x4               /tmp/ccwrmHsT.o
weightscale4x4      0x60              /tmp/ccwrmHsT.o
total_inter_malloc_size
                    0x4               /tmp/ccwrmHsT.o
A                   0x4               /tmp/ccOiFX0V.o
or_addr_offset      0x4               /tmp/ccwrmHsT.o
g_nFrame_dec        0x4               /tmp/ccwrmHsT.o
g_fh_reg_ptr        0x4               /tmp/cckjNxtO.o
cpu_will_be_reset   0x4               /tmp/ccwrmHsT.o
B                   0x4               /tmp/ccOiFX0V.o
file_end            0x4               /tmp/ccwrmHsT.o
s_used_extra_mem    0x4               /tmp/ccugTkyl.o
ptrOutBfr           0x4               /tmp/ccwrmHsT.o
g_streamLen         0x4               /tmp/ccwrmHsT.o
s_extra_mem_bfr_ptr
                    0x4               /tmp/ccugTkyl.o
C                   0x4               /tmp/ccOiFX0V.o
i                   0x4               /tmp/ccOiFX0V.o
s_inter_mem_bfr_ptr
                    0x4               /tmp/ccugTkyl.o
g_stream_type       0x4               /tmp/ccwrmHsT.o
int_handlers        0x100             /tmp/cc2D4Gsm.o
c                   0x4               /tmp/ccOiFX0V.o
g_extra_malloced_size
                    0x4               /tmp/ccwrmHsT.o
timer_ticks         0x4               /tmp/cc8WCSTJ.o
total_extra_malloc_size
                    0x4               /tmp/ccwrmHsT.o
d                   0x4               /tmp/ccOiFX0V.o
g_not_first_reset   0x4               /tmp/ccwrmHsT.o
s_glb_reg_bck_ptr   0x4               /tmp/cckLTB9h.o
ptrInbfr            0x4               /tmp/ccwrmHsT.o
s_used_inter_mem    0x4               /tmp/ccugTkyl.o
extra_malloc_mem_start_addr
                    0x4               /tmp/ccwrmHsT.o
weightscale8x8      0x80              /tmp/ccwrmHsT.o
video_buffer_malloced
                    0x4               /tmp/ccwrmHsT.o
optr                0x4               /tmp/cckLTB9h.o
or1200_print        0x1               /tmp/ccwrmHsT.o
g_inter_malloced_size
                    0x4               /tmp/ccwrmHsT.o
g_pOutBfr           0x4               /tmp/ccwrmHsT.o
s_bFisrtUnit        0x4               /tmp/ccwrmHsT.o
a                   0x4               /tmp/ccOiFX0V.o
inter_malloc_mem_start_addr
                    0x4               /tmp/ccwrmHsT.o
input_buffer_update
                    0x4               /tmp/ccwrmHsT.o
bs_start_addr       0x4               /tmp/ccwrmHsT.o
len                 0x4               /tmp/ccOiFX0V.o
g_stream_offset     0x4               /tmp/ccwrmHsT.o

Memory Configuration

Name             Origin             Length             Attributes
vectors          0x00000000         0x06000000
*default*        0x00000000         0xffffffff

Linker script and memory map

LOAD /tmp/ccchOlRa.o
LOAD /tmp/cc2D4Gsm.o
LOAD /tmp/ccwHoG8x.o
LOAD /tmp/cc8WCSTJ.o
LOAD /tmp/ccOiFX0V.o
LOAD /tmp/ccWgqNi8.o
LOAD /tmp/cco5cdDk.o
LOAD /tmp/ccoPYx1w.o
LOAD /tmp/ccSKeduJ.o
LOAD /tmp/ccaKXU2V.o
LOAD /tmp/ccuKuMD8.o
LOAD /tmp/ccIV8zil.o
LOAD /tmp/cc4e9NZx.o
LOAD /tmp/cciGHUIK.o
LOAD /tmp/ccukf1wX.o
LOAD /tmp/ccEvcEqa.o
LOAD /tmp/cccNK3pn.o
LOAD /tmp/ccaUEktA.o
LOAD /tmp/cc4s2wDN.o
LOAD /tmp/cc8SCxU0.o
LOAD /tmp/ccIFwsje.o
LOAD /tmp/ccmkHENr.o
LOAD /tmp/ccaQgtBF.o
LOAD /tmp/ccwrmHsT.o
LOAD /tmp/ccqkCes7.o
LOAD /tmp/ccugTkyl.o
LOAD /tmp/ccCSuLNz.o
LOAD /tmp/cckjNxtO.o
LOAD /tmp/ccUdxXd3.o
LOAD /tmp/cckLTB9h.o
LOAD /opt/or32-new/lib/gcc/or32-elf/4.5.1-or32-1.0rc4//libgcc.a
LOAD /opt/or32-new/or32-elf/lib//libg.a

.MAIN_FUNC      0x00000000      0x4a4
 *(MAIN_FUNC)
 MAIN_FUNC      0x00000000      0x4a4 /tmp/cckLTB9h.o
                0x00000000                main

.vectors
 *(.vectors)

.text           0x000004a4     0x4d2c
                0x000004a4                _stext = .
 *(.text)
 .text          0x000004a4       0x70 /tmp/ccchOlRa.o
                0x000004a4                add_handler
                0x000004cc                default_exception_handler_c
 .text          0x00000514      0x1f4 /tmp/cc2D4Gsm.o
                0x00000514                int_init
                0x00000554                int_add
                0x000005b8                int_disable
                0x00000608                int_enable
                0x00000654                int_main
 .text          0x00000708      0x11c /tmp/ccwHoG8x.o
                0x00000708                memcpy
                0x0000073c                strlen
                0x00000774                memchr
                0x000007d0                rand
 .text          0x00000824      0x128 /tmp/cc8WCSTJ.o
                0x00000824                mtspr
                0x00000830                mfspr
                0x0000083c                sim_putc
                0x00000850                report
                0x00000860                exit
                0x00000870                cpu_enable_user_interrupts
                0x00000888                cpu_enable_timer
                0x000008b0                cpu_disable_timer
                0x000008e4                cpu_timer_tick
                0x00000910                cpu_reset_timer_ticks
                0x00000934                cpu_get_timer_ticks
                0x00000944                cpu_sleep_10ms
 .text          0x0000094c     0x125c /tmp/ccOiFX0V.o
                0x0000094c                md5
                0x00001910                Get_MD5_Code
 .text          0x00001ba8      0x528 /tmp/ccWgqNi8.o
                0x00001ba8                vp8_update_mode_info_border
                0x00001c38                vp8_de_alloc_frame_buffers
                0x00001d60                vp8_alloc_frame_buffers
                0x00001ec4                vp8_setup_version
                0x00001f8c                vp8_remove_common
                0x00001fa4                vp8_init_frame_buffers
 .text          0x000020d0        0x0 /tmp/cco5cdDk.o
 .text          0x000020d0        0x0 /tmp/ccoPYx1w.o
 .text          0x000020d0       0x2c /tmp/ccSKeduJ.o
                0x000020d0                vp8_default_coef_probs
 .text          0x000020fc      0x17c /tmp/ccaKXU2V.o
                0x000020fc                vp8_mv_cont
                0x00002170                vp8_init_mbmode_probs
                0x000021f4                vp8_default_bmode_probs
                0x00002250                vp8_kf_default_bmode_probs
 .text          0x00002278        0x0 /tmp/ccuKuMD8.o
 .text          0x00002278       0x80 /tmp/ccIV8zil.o
                0x00002278                vp8_create_common
 .text          0x000022f8        0x0 /tmp/cc4e9NZx.o
 .text          0x000022f8        0x0 /tmp/cciGHUIK.o
 .text          0x000022f8      0x1c4 /tmp/ccukf1wX.o
                0x000022f8                vp8_dc_quant
                0x0000233c                vp8_dc2quant
                0x00002384                vp8_dc_uv_quant
                0x000023d8                vp8_ac_yquant
                0x00002418                vp8_ac2quant
                0x00002478                vp8_ac_uv_quant
 .text          0x000024bc      0x1bc /tmp/ccEvcEqa.o
                0x000024bc                vp8_setup_intra_recon
 .text          0x00002678      0x1c0 /tmp/cccNK3pn.o
                0x00002678                vp8_swap_yv12_buffer
                0x000026cc                vp8_copy_yv12_buffer
 .text          0x00002838       0xd0 /tmp/ccaUEktA.o
                0x000028e8                vp8_tokens_from_tree
 .text          0x00002908      0x210 /tmp/cc4s2wDN.o
                0x00002908                vp8_yv12_de_alloc_frame_buffer
                0x00002938                vp8_yv12_alloc_frame_buffer
                0x00002a2c                vp8_yv12_init_frame_buffer
                0x00002a90                vp8_yv12_black_frame_buffer
 .text          0x00002b18      0x17c /tmp/cc8SCxU0.o
                0x00002b18                vp8dx_start_decode_c
                0x00002b5c                vp8dx_stop_decode_c
                0x00002b64                vp8dx_decode_bool
                0x00002c30                vp8_decode_value
 .text          0x00002c94      0x214 /tmp/ccIFwsje.o
                0x00002c94                vp8_read_bmode
                0x00002cb4                vp8_read_ymode
                0x00002cd4                vp8_kfread_ymode
                0x00002cf4                vp8_read_uv_mode
                0x00002d14                vp8_read_mb_features
                0x00002dc4                vp8_kfread_modes
 .text          0x00002ea8       0xa4 /tmp/ccmkHENr.o
                0x00002ea8                vp8cx_init_de_quantizer
 .text          0x00002f4c      0xae8 /tmp/ccaQgtBF.o
                0x00002fe4                vp8_decode_frame
 .text          0x00003a34        0x0 /tmp/ccwrmHsT.o
 .text          0x00003a34      0x2d4 /tmp/ccqkCes7.o
                0x00003a34                vp8dx_create_decompressor
                0x00003b14                vp8dx_receive_compressed_data
                0x00003cd8                VP8Dec_SetCurRecPic
 .text          0x00003d08      0x280 /tmp/ccugTkyl.o
                0x00003d08                vp8dec_ExtraMemAlloc
                0x00003d78                vp8dec_ExtraMemAlloc_64WordAlign
                0x00003df4                vp8dec_InterMemAlloc
                0x00003e64                vp8dec_ExtraMemFree
                0x00003e98                vp8dec_InterMemFree
                0x00003ecc                vp8dec_FreeMem
                0x00003efc                vp8dec_InitInterMem
                0x00003f40                VP8DecMemInit
 .text          0x00003f88      0x36c /tmp/ccCSuLNz.o
                0x00003f88                read_mvcomponent
                0x000040b0                vp8_decode_mode_mvs
 .text          0x000042f4      0xcac /tmp/cckjNxtO.o
                0x000042f4                SharedRAM_Init
                0x00004398                ORSC_Init
                0x00004948                BSM_Init
                0x000049e8                BitstreamReadBits
                0x00004a44                BITSTREAMSHOWBYTE
                0x00004a88                Write_tbuf_Probs
 .text          0x00004fa0       0x74 /tmp/ccUdxXd3.o
                0x00004fa0                vp8_treed_read
 .text          0x00005014       0x6c /tmp/cckLTB9h.o
                0x00005014                foo_bar
                0x0000501c                OR_VSP_BIND
                0x00005040                OR_VSP_UNBIND
 .text          0x00005080      0x140 /opt/or32-new/or32-elf/lib//libg.a(lib_a-memset.o)
                0x00005080                memset
                0x000051c0                _etext = .
                0x000051c0                __CTOR_LIST__ = .
                0x000051c0        0x4 LONG 0x0 (((__CTOR_END__ - __CTOR_LIST__) / 0x4) - 0x2)
 *(.ctors)
                0x000051c4        0x4 LONG 0x0
                0x000051c8                __CTOR_END__ = .
                0x000051c8                __DTOR_LIST__ = .
                0x000051c8        0x4 LONG 0x0 (((__DTOR_END__ - __DTOR_LIST__) / 0x4) - 0x2)
 *(.dtors)
                0x000051cc        0x4 LONG 0x0
                0x000051d0                __DTOR_END__ = .
 *(.lit)
 *(.shdata)
                0x000051d0                _endtext = .

.rodata         0x000051d0     0x3aec
 *(.rodata)
 .rodata        0x000051d0      0x420 /tmp/cco5cdDk.o
                0x000051d0                vp8_coef_update_probs
 .rodata        0x000055f0     0x1200 /tmp/ccoPYx1w.o
                0x000055f0                default_coef_counts
 .rodata        0x000067f0      0x4e0 /tmp/ccSKeduJ.o
                0x000067f0                vp8_default_zig_zag1d
                0x00006830                vp8_mb_feature_data_bits
                0x00006838                vp8_coef_tree
                0x00006850                vp8_coef_encodings
 .rodata        0x00006cd0      0x680 /tmp/ccaKXU2V.o
                0x00006cd0                vp8_bmode_encodings
                0x00006d20                vp8_ymode_encodings
                0x00006d48                vp8_kf_ymode_encodings
                0x00006d70                vp8_uv_mode_encodings
                0x00006d90                vp8_mbsplit_encodings
                0x00006db0                vp8_mv_ref_encoding_array
                0x00006dd8                vp8_sub_mv_ref_encoding_array
                0x00006df8                vp8_small_mvencodings
                0x00006e38                vp8_ymode_prob
                0x00006e3c                vp8_kf_ymode_prob
                0x00006e40                vp8_uv_mode_prob
                0x00006e44                vp8_kf_uv_mode_prob
                0x00006e48                vp8_bmode_prob
                0x00006e54                vp8_kf_bmode_prob
                0x000071d8                vp8_sub_mv_ref_prob2
                0x000071e8                vp8_mbsplits
                0x000072e8                vp8_mbsplit_count
                0x000072f8                vp8_mbsplit_probs
                0x000072fc                vp8_bmode_tree
                0x00007310                vp8_ymode_tree
                0x00007318                vp8_kf_ymode_tree
                0x00007320                vp8_uv_mode_tree
                0x00007328                vp8_mbsplit_tree
                0x00007330                vp8_mv_ref_tree
                0x00007338                vp8_sub_mv_ref_tree
                0x00007340                vp8_small_mvtree
 .rodata        0x00007350       0x50 /tmp/ccuKuMD8.o
                0x00007350                vp8_mv_update_probs
                0x00007378                vp8_default_mv_context
 .rodata        0x000073a0      0xfa0 /tmp/cc4e9NZx.o
                0x000073a0                vp8_kf_default_bmode_counts
 .rodata        0x00008340       0x60 /tmp/cciGHUIK.o
                0x00008340                vp8_mode_contexts
 .rodata        0x000083a0      0x400 /tmp/ccukf1wX.o
 .rodata        0x000087a0      0x400 /tmp/cc8SCxU0.o
                0x000087a0                vp8dx_bitreader_norm
 *(.rodata.*)
 .rodata.str1.1
                0x00008ba0      0x11c /tmp/ccchOlRa.o

.data           0x00008cbc       0xd4
                0x00008cbc                sdata = .
                0x00008cbc                _sdata = .
 *(.data)
 .data          0x00008cbc       0xcc /tmp/ccchOlRa.o
                0x00008cbc                exception_strings
                0x00008d38                except_handlers
 .data          0x00008d88        0x0 /tmp/cc2D4Gsm.o
 .data          0x00008d88        0x4 /tmp/ccwHoG8x.o
 .data          0x00008d8c        0x0 /tmp/cc8WCSTJ.o
 .data          0x00008d8c        0x0 /tmp/ccOiFX0V.o
 .data          0x00008d8c        0x0 /tmp/ccWgqNi8.o
 .data          0x00008d8c        0x0 /tmp/cco5cdDk.o
 .data          0x00008d8c        0x0 /tmp/ccoPYx1w.o
 .data          0x00008d8c        0x0 /tmp/ccSKeduJ.o
 .data          0x00008d8c        0x0 /tmp/ccaKXU2V.o
 .data          0x00008d8c        0x0 /tmp/ccuKuMD8.o
 .data          0x00008d8c        0x0 /tmp/ccIV8zil.o
 .data          0x00008d8c        0x0 /tmp/cc4e9NZx.o
 .data          0x00008d8c        0x0 /tmp/cciGHUIK.o
 .data          0x00008d8c        0x0 /tmp/ccukf1wX.o
 .data          0x00008d8c        0x0 /tmp/ccEvcEqa.o
 .data          0x00008d8c        0x0 /tmp/cccNK3pn.o
 .data          0x00008d8c        0x0 /tmp/ccaUEktA.o
 .data          0x00008d8c        0x0 /tmp/cc4s2wDN.o
 .data          0x00008d8c        0x0 /tmp/cc8SCxU0.o
 .data          0x00008d8c        0x0 /tmp/ccIFwsje.o
 .data          0x00008d8c        0x0 /tmp/ccmkHENr.o
 .data          0x00008d8c        0x0 /tmp/ccaQgtBF.o
 .data          0x00008d8c        0x4 /tmp/ccwrmHsT.o
                0x00008d8c                g_readFileSize
 .data          0x00008d90        0x0 /tmp/ccqkCes7.o
 .data          0x00008d90        0x0 /tmp/ccugTkyl.o
 .data          0x00008d90        0x0 /tmp/ccCSuLNz.o
 .data          0x00008d90        0x0 /tmp/cckjNxtO.o
 .data          0x00008d90        0x0 /tmp/ccUdxXd3.o
 .data          0x00008d90        0x0 /tmp/cckLTB9h.o
 .data          0x00008d90        0x0 /opt/or32-new/or32-elf/lib//libg.a(lib_a-memset.o)
                0x00008d90                edata = .
                0x00008d90                _edata = .

.bss            0x00008d90      0x300
                0x00008d90                _bss_start = .
 *(.bss)
 .bss           0x00008d90        0x0 /tmp/ccchOlRa.o
 .bss           0x00008d90        0x0 /tmp/cc2D4Gsm.o
 .bss           0x00008d90        0x4 /tmp/ccwHoG8x.o
 .bss           0x00008d94        0x0 /tmp/cc8WCSTJ.o
 .bss           0x00008d94        0x0 /tmp/ccOiFX0V.o
 .bss           0x00008d94        0x0 /tmp/ccWgqNi8.o
 .bss           0x00008d94        0x0 /tmp/cco5cdDk.o
 .bss           0x00008d94        0x0 /tmp/ccoPYx1w.o
 .bss           0x00008d94        0x0 /tmp/ccSKeduJ.o
 .bss           0x00008d94        0x0 /tmp/ccaKXU2V.o
 .bss           0x00008d94        0x0 /tmp/ccuKuMD8.o
 .bss           0x00008d94        0x0 /tmp/ccIV8zil.o
 .bss           0x00008d94        0x0 /tmp/cc4e9NZx.o
 .bss           0x00008d94        0x0 /tmp/cciGHUIK.o
 .bss           0x00008d94        0x0 /tmp/ccukf1wX.o
 .bss           0x00008d94        0x0 /tmp/ccEvcEqa.o
 .bss           0x00008d94        0x0 /tmp/cccNK3pn.o
 .bss           0x00008d94        0x0 /tmp/ccaUEktA.o
 .bss           0x00008d94        0x0 /tmp/cc4s2wDN.o
 .bss           0x00008d94        0x0 /tmp/cc8SCxU0.o
 .bss           0x00008d94        0x0 /tmp/ccIFwsje.o
 .bss           0x00008d94        0x0 /tmp/ccmkHENr.o
 .bss           0x00008d94        0x0 /tmp/ccaQgtBF.o
 .bss           0x00008d94        0x0 /tmp/ccwrmHsT.o
 .bss           0x00008d94        0x0 /tmp/ccqkCes7.o
 .bss           0x00008d94        0x0 /tmp/ccugTkyl.o
 .bss           0x00008d94        0x0 /tmp/ccCSuLNz.o
 .bss           0x00008d94        0x0 /tmp/cckjNxtO.o
 .bss           0x00008d94        0x0 /tmp/ccUdxXd3.o
 .bss           0x00008d94        0x8 /tmp/cckLTB9h.o
                0x00008d94                s_unbind_cnt
                0x00008d98                s_bind_cnt
 .bss           0x00008d9c        0x0 /opt/or32-new/or32-elf/lib//libg.a(lib_a-memset.o)
 *(COMMON)
 COMMON         0x00008d9c      0x100 /tmp/cc2D4Gsm.o
                0x00008d9c                int_handlers
 COMMON         0x00008e9c        0x4 /tmp/cc8WCSTJ.o
                0x00008e9c                timer_ticks
 COMMON         0x00008ea0       0x70 /tmp/ccOiFX0V.o
                0x00008ea0                D
                0x00008ea4                b
                0x00008ea8                x
                0x00008ee8                flen
                0x00008ef0                A
                0x00008ef4                B
                0x00008ef8                C
                0x00008efc                i
                0x00008f00                c
                0x00008f04                d
                0x00008f08                a
                0x00008f0c                len
 COMMON         0x00008f10      0x15c /tmp/ccwrmHsT.o
                0x00008f10                g_input
                0x00008f14                video_size_get
                0x00008f18                g_list0_map_addr
                0x00008f28                vld_table_addr
                0x00008f2c                frame_buf_size
                0x00008f30                bs_buffer_length
                0x00008f34                weightscale4x4
                0x00008f94                total_inter_malloc_size
                0x00008f98                or_addr_offset
                0x00008f9c                g_nFrame_dec
                0x00008fa0                cpu_will_be_reset
                0x00008fa4                file_end
                0x00008fa8                ptrOutBfr
                0x00008fac                g_streamLen
                0x00008fb0                g_stream_type
                0x00008fb4                g_extra_malloced_size
                0x00008fb8                total_extra_malloc_size
                0x00008fbc                g_not_first_reset
                0x00008fc0                ptrInbfr
                0x00008fc4                extra_malloc_mem_start_addr
                0x00008fc8                weightscale8x8
                0x00009048                video_buffer_malloced
                0x0000904c                or1200_print
                0x00009050                g_inter_malloced_size
                0x00009054                g_pOutBfr
                0x00009058                s_bFisrtUnit
                0x0000905c                inter_malloc_mem_start_addr
                0x00009060                input_buffer_update
                0x00009064                bs_start_addr
                0x00009068                g_stream_offset
 COMMON         0x0000906c       0x18 /tmp/ccugTkyl.o
                0x0000906c                s_inter_mem_size
                0x00009070                s_extra_mem_size
                0x00009074                s_used_extra_mem
                0x00009078                s_extra_mem_bfr_ptr
                0x0000907c                s_inter_mem_bfr_ptr
                0x00009080                s_used_inter_mem
 COMMON         0x00009084        0x4 /tmp/cckjNxtO.o
                0x00009084                g_fh_reg_ptr
 COMMON         0x00009088        0x8 /tmp/cckLTB9h.o
                0x00009088                s_glb_reg_bck_ptr
                0x0000908c                optr
                0x00009090                _bss_end = .
OUTPUT(vp8dec elf32-or32)

.debug_abbrev   0x00000000     0x2042
 .debug_abbrev  0x00000000       0xc1 /tmp/ccchOlRa.o
 .debug_abbrev  0x000000c1      0x12c /tmp/cc2D4Gsm.o
 .debug_abbrev  0x000001ed       0xbf /tmp/ccwHoG8x.o
 .debug_abbrev  0x000002ac      0x1ab /tmp/cc8WCSTJ.o
 .debug_abbrev  0x00000457       0xde /tmp/ccOiFX0V.o
 .debug_abbrev  0x00000535      0x1b3 /tmp/ccWgqNi8.o
 .debug_abbrev  0x000006e8       0x77 /tmp/cco5cdDk.o
 .debug_abbrev  0x0000075f       0x6a /tmp/ccoPYx1w.o
 .debug_abbrev  0x000007c9      0x105 /tmp/ccSKeduJ.o
 .debug_abbrev  0x000008ce      0x17a /tmp/ccaKXU2V.o
 .debug_abbrev  0x00000a48       0x95 /tmp/ccuKuMD8.o
 .debug_abbrev  0x00000add       0xde /tmp/ccIV8zil.o
 .debug_abbrev  0x00000bbb       0x6a /tmp/cc4e9NZx.o
 .debug_abbrev  0x00000c25       0x54 /tmp/cciGHUIK.o
 .debug_abbrev  0x00000c79       0xac /tmp/ccukf1wX.o
 .debug_abbrev  0x00000d25       0x98 /tmp/ccEvcEqa.o
 .debug_abbrev  0x00000dbd      0x157 /tmp/cccNK3pn.o
 .debug_abbrev  0x00000f14       0xd2 /tmp/ccaUEktA.o
 .debug_abbrev  0x00000fe6       0xfc /tmp/cc4s2wDN.o
 .debug_abbrev  0x000010e2      0x175 /tmp/cc8SCxU0.o
 .debug_abbrev  0x00001257      0x183 /tmp/ccIFwsje.o
 .debug_abbrev  0x000013da      0x101 /tmp/ccmkHENr.o
 .debug_abbrev  0x000014db      0x1e0 /tmp/ccaQgtBF.o
 .debug_abbrev  0x000016bb       0x8e /tmp/ccwrmHsT.o
 .debug_abbrev  0x00001749      0x14e /tmp/ccqkCes7.o
 .debug_abbrev  0x00001897      0x10d /tmp/ccugTkyl.o
 .debug_abbrev  0x000019a4      0x1b0 /tmp/ccCSuLNz.o
 .debug_abbrev  0x00001b54      0x1db /tmp/cckjNxtO.o
 .debug_abbrev  0x00001d2f       0x9a /tmp/ccUdxXd3.o
 .debug_abbrev  0x00001dc9      0x1dd /tmp/cckLTB9h.o
 .debug_abbrev  0x00001fa6       0x9c /opt/or32-new/or32-elf/lib//libg.a(lib_a-memset.o)

.debug_info     0x00000000     0xb273
 .debug_info    0x00000000      0x11e /tmp/ccchOlRa.o
 .debug_info    0x0000011e      0x1a4 /tmp/cc2D4Gsm.o
 .debug_info    0x000002c2      0x1a0 /tmp/ccwHoG8x.o
 .debug_info    0x00000462      0x368 /tmp/cc8WCSTJ.o
 .debug_info    0x000007ca      0x256 /tmp/ccOiFX0V.o
 .debug_info    0x00000a20      0xaf0 /tmp/ccWgqNi8.o
 .debug_info    0x00001510      0x191 /tmp/cco5cdDk.o
 .debug_info    0x000016a1      0x1dd /tmp/ccoPYx1w.o
 .debug_info    0x0000187e      0x955 /tmp/ccSKeduJ.o
 .debug_info    0x000021d3      0xd52 /tmp/ccaKXU2V.o
 .debug_info    0x00002f25      0x11e /tmp/ccuKuMD8.o
 .debug_info    0x00003043      0x73f /tmp/ccIV8zil.o
 .debug_info    0x00003782      0x180 /tmp/cc4e9NZx.o
 .debug_info    0x00003902       0x61 /tmp/cciGHUIK.o
 .debug_info    0x00003963      0x328 /tmp/ccukf1wX.o
 .debug_info    0x00003c8b      0x1ab /tmp/ccEvcEqa.o
 .debug_info    0x00003e36      0x7ef /tmp/cccNK3pn.o
 .debug_info    0x00004625      0x141 /tmp/ccaUEktA.o
 .debug_info    0x00004766      0x2e5 /tmp/cc4s2wDN.o
 .debug_info    0x00004a4b      0x3ed /tmp/cc8SCxU0.o
 .debug_info    0x00004e38      0xeb2 /tmp/ccIFwsje.o
 .debug_info    0x00005cea      0x9e6 /tmp/ccmkHENr.o
 .debug_info    0x000066d0      0xd16 /tmp/ccaQgtBF.o
 .debug_info    0x000073e6      0x352 /tmp/ccwrmHsT.o
 .debug_info    0x00007738      0xb33 /tmp/ccqkCes7.o
 .debug_info    0x0000826b      0x39a /tmp/ccugTkyl.o
 .debug_info    0x00008605      0xca4 /tmp/ccCSuLNz.o
 .debug_info    0x000092a9      0xe64 /tmp/cckjNxtO.o
 .debug_info    0x0000a10d      0x18c /tmp/ccUdxXd3.o
 .debug_info    0x0000a299      0xec6 /tmp/cckLTB9h.o
 .debug_info    0x0000b15f      0x114 /opt/or32-new/or32-elf/lib//libg.a(lib_a-memset.o)

.debug_line     0x00000000     0x777c
 .debug_line    0x00000000       0xd8 /tmp/ccchOlRa.o
 .debug_line    0x000000d8      0x1a5 /tmp/cc2D4Gsm.o
 .debug_line    0x0000027d      0x189 /tmp/ccwHoG8x.o
 .debug_line    0x00000406      0x230 /tmp/cc8WCSTJ.o
 .debug_line    0x00000636     0x1b5f /tmp/ccOiFX0V.o
 .debug_line    0x00002195      0x53c /tmp/ccWgqNi8.o
 .debug_line    0x000026d1       0xc6 /tmp/cco5cdDk.o
 .debug_line    0x00002797       0xc9 /tmp/ccoPYx1w.o
 .debug_line    0x00002860      0x155 /tmp/ccSKeduJ.o
 .debug_line    0x000029b5      0x25f /tmp/ccaKXU2V.o
 .debug_line    0x00002c14       0xb0 /tmp/ccuKuMD8.o
 .debug_line    0x00002cc4      0x17b /tmp/ccIV8zil.o
 .debug_line    0x00002e3f       0xb2 /tmp/cc4e9NZx.o
 .debug_line    0x00002ef1       0x71 /tmp/cciGHUIK.o
 .debug_line    0x00002f62      0x24a /tmp/ccukf1wX.o
 .debug_line    0x000031ac      0x180 /tmp/ccEvcEqa.o
 .debug_line    0x0000332c      0x2ac /tmp/cccNK3pn.o
 .debug_line    0x000035d8      0x15e /tmp/ccaUEktA.o
 .debug_line    0x00003736      0x2db /tmp/cc4s2wDN.o
 .debug_line    0x00003a11      0x298 /tmp/cc8SCxU0.o
 .debug_line    0x00003ca9      0x3a3 /tmp/ccIFwsje.o
 .debug_line    0x0000404c      0x1d7 /tmp/ccmkHENr.o
 .debug_line    0x00004223      0xb00 /tmp/ccaQgtBF.o
 .debug_line    0x00004d23       0xae /tmp/ccwrmHsT.o
 .debug_line    0x00004dd1      0x42b /tmp/ccqkCes7.o
 .debug_line    0x000051fc      0x3ab /tmp/ccugTkyl.o
 .debug_line    0x000055a7      0x40a /tmp/ccCSuLNz.o
 .debug_line    0x000059b1     0x12e5 /tmp/cckjNxtO.o
 .debug_line    0x00006c96      0x112 /tmp/ccUdxXd3.o
 .debug_line    0x00006da8      0x7a5 /tmp/cckLTB9h.o
 .debug_line    0x0000754d      0x22f /opt/or32-new/or32-elf/lib//libg.a(lib_a-memset.o)

.debug_frame    0x00000000      0xa1c
 .debug_frame   0x00000000       0x40 /tmp/ccchOlRa.o
 .debug_frame   0x00000040       0x90 /tmp/cc2D4Gsm.o
 .debug_frame   0x000000d0       0x58 /tmp/ccwHoG8x.o
 .debug_frame   0x00000128       0xe0 /tmp/cc8WCSTJ.o
 .debug_frame   0x00000208       0x68 /tmp/ccOiFX0V.o
 .debug_frame   0x00000270       0xbc /tmp/ccWgqNi8.o
 .debug_frame   0x0000032c       0x28 /tmp/ccSKeduJ.o
 .debug_frame   0x00000354       0x68 /tmp/ccaKXU2V.o
 .debug_frame   0x000003bc       0x28 /tmp/ccIV8zil.o
 .debug_frame   0x000003e4       0xa0 /tmp/ccukf1wX.o
 .debug_frame   0x00000484       0x28 /tmp/ccEvcEqa.o
 .debug_frame   0x000004ac       0x40 /tmp/cccNK3pn.o
 .debug_frame   0x000004ec       0x48 /tmp/ccaUEktA.o
 .debug_frame   0x00000534       0x74 /tmp/cc4s2wDN.o
 .debug_frame   0x000005a8       0x78 /tmp/cc8SCxU0.o
 .debug_frame   0x00000620       0xa8 /tmp/ccIFwsje.o
 .debug_frame   0x000006c8       0x2c /tmp/ccmkHENr.o
 .debug_frame   0x000006f4       0x5c /tmp/ccaQgtBF.o
 .debug_frame   0x00000750       0x58 /tmp/ccqkCes7.o
 .debug_frame   0x000007a8       0xd0 /tmp/ccugTkyl.o
 .debug_frame   0x00000878       0x54 /tmp/ccCSuLNz.o
 .debug_frame   0x000008cc       0x90 /tmp/cckjNxtO.o
 .debug_frame   0x0000095c       0x30 /tmp/ccUdxXd3.o
 .debug_frame   0x0000098c       0x68 /tmp/cckLTB9h.o
 .debug_frame   0x000009f4       0x28 /opt/or32-new/or32-elf/lib//libg.a(lib_a-memset.o)

.debug_loc      0x00000000     0x2f86
 .debug_loc     0x00000000       0x9d /tmp/ccchOlRa.o
 .debug_loc     0x0000009d      0x171 /tmp/cc2D4Gsm.o
 .debug_loc     0x0000020e      0x143 /tmp/ccwHoG8x.o
 .debug_loc     0x00000351       0xe0 /tmp/cc8WCSTJ.o
 .debug_loc     0x00000431       0xca /tmp/ccOiFX0V.o
 .debug_loc     0x000004fb      0x2ba /tmp/ccWgqNi8.o
 .debug_loc     0x000007b5       0x42 /tmp/ccSKeduJ.o
 .debug_loc     0x000007f7       0xb7 /tmp/ccaKXU2V.o
 .debug_loc     0x000008ae       0x4d /tmp/ccIV8zil.o
 .debug_loc     0x000008fb      0x1af /tmp/ccukf1wX.o
 .debug_loc     0x00000aaa       0xac /tmp/ccEvcEqa.o
 .debug_loc     0x00000b56       0xf1 /tmp/cccNK3pn.o
 .debug_loc     0x00000c47      0x117 /tmp/ccaUEktA.o
 .debug_loc     0x00000d5e      0x1c8 /tmp/cc4s2wDN.o
 .debug_loc     0x00000f26      0x281 /tmp/cc8SCxU0.o
 .debug_loc     0x000011a7      0x30d /tmp/ccIFwsje.o
 .debug_loc     0x000014b4       0x7f /tmp/ccmkHENr.o
 .debug_loc     0x00001533      0x5c3 /tmp/ccaQgtBF.o
 .debug_loc     0x00001af6      0x1c5 /tmp/ccqkCes7.o
 .debug_loc     0x00001cbb      0x1f6 /tmp/ccugTkyl.o
 .debug_loc     0x00001eb1      0x362 /tmp/ccCSuLNz.o
 .debug_loc     0x00002213      0x8e9 /tmp/cckjNxtO.o
 .debug_loc     0x00002afc       0xa4 /tmp/ccUdxXd3.o
 .debug_loc     0x00002ba0      0x25f /tmp/cckLTB9h.o
 .debug_loc     0x00002dff      0x187 /opt/or32-new/or32-elf/lib//libg.a(lib_a-memset.o)

.debug_pubnames
                0x00000000     0x10ac
 .debug_pubnames
                0x00000000       0x6c /tmp/ccchOlRa.o
 .debug_pubnames
                0x0000006c       0x68 /tmp/cc2D4Gsm.o
 .debug_pubnames
                0x000000d4       0x3c /tmp/ccwHoG8x.o
 .debug_pubnames
                0x00000110       0xf9 /tmp/cc8WCSTJ.o
 .debug_pubnames
                0x00000209       0x78 /tmp/ccOiFX0V.o
 .debug_pubnames
                0x00000281       0xb4 /tmp/ccWgqNi8.o
 .debug_pubnames
                0x00000335       0x2c /tmp/cco5cdDk.o
 .debug_pubnames
                0x00000361       0x2a /tmp/ccoPYx1w.o
 .debug_pubnames
                0x0000038b       0x8d /tmp/ccSKeduJ.o
 .debug_pubnames
                0x00000418      0x2cc /tmp/ccaKXU2V.o
 .debug_pubnames
                0x000006e4       0x45 /tmp/ccuKuMD8.o
 .debug_pubnames
                0x00000729       0x28 /tmp/ccIV8zil.o
 .debug_pubnames
                0x00000751       0x32 /tmp/cc4e9NZx.o
 .debug_pubnames
                0x00000783       0x28 /tmp/cciGHUIK.o
 .debug_pubnames
                0x000007ab       0x7f /tmp/ccukf1wX.o
 .debug_pubnames
                0x0000082a       0x2c /tmp/ccEvcEqa.o
 .debug_pubnames
                0x00000856       0x44 /tmp/cccNK3pn.o
 .debug_pubnames
                0x0000089a       0x2b /tmp/ccaUEktA.o
 .debug_pubnames
                0x000008c5       0x94 /tmp/cc4s2wDN.o
 .debug_pubnames
                0x00000959       0x87 /tmp/cc8SCxU0.o
 .debug_pubnames
                0x000009e0       0x90 /tmp/ccIFwsje.o
 .debug_pubnames
                0x00000a70       0x2e /tmp/ccmkHENr.o
 .debug_pubnames
                0x00000a9e       0x27 /tmp/ccaQgtBF.o
 .debug_pubnames
                0x00000ac5      0x288 /tmp/ccwrmHsT.o
 .debug_pubnames
                0x00000d4d       0x6a /tmp/ccqkCes7.o
 .debug_pubnames
                0x00000db7      0x15a /tmp/ccugTkyl.o
 .debug_pubnames
                0x00000f11       0x3f /tmp/ccCSuLNz.o
 .debug_pubnames
                0x00000f50       0x92 /tmp/cckjNxtO.o
 .debug_pubnames
                0x00000fe2       0x25 /tmp/ccUdxXd3.o
 .debug_pubnames
                0x00001007       0x88 /tmp/cckLTB9h.o
 .debug_pubnames
                0x0000108f       0x1d /opt/or32-new/or32-elf/lib//libg.a(lib_a-memset.o)

.debug_pubtypes
                0x00000000     0x12f6
 .debug_pubtypes
                0x00000000       0x12 /tmp/ccchOlRa.o
 .debug_pubtypes
                0x00000012       0x1b /tmp/cc2D4Gsm.o
 .debug_pubtypes
                0x0000002d       0x1d /tmp/ccwHoG8x.o
 .debug_pubtypes
                0x0000004a       0x12 /tmp/cc8WCSTJ.o
 .debug_pubtypes
                0x0000005c       0x27 /tmp/ccOiFX0V.o
 .debug_pubtypes
                0x00000083      0x177 /tmp/ccWgqNi8.o
 .debug_pubtypes
                0x000001fa       0x1f /tmp/cco5cdDk.o
 .debug_pubtypes
                0x00000219       0x12 /tmp/ccoPYx1w.o
 .debug_pubtypes
                0x0000022b      0x125 /tmp/ccSKeduJ.o
 .debug_pubtypes
                0x00000350      0x12c /tmp/ccaKXU2V.o
 .debug_pubtypes
                0x0000047c       0x3d /tmp/ccuKuMD8.o
 .debug_pubtypes
                0x000004b9       0xfd /tmp/ccIV8zil.o
 .debug_pubtypes
                0x000005b6       0x12 /tmp/cc4e9NZx.o
 .debug_pubtypes
                0x000005c8       0x12 /tmp/ccukf1wX.o
 .debug_pubtypes
                0x000005da       0x29 /tmp/ccEvcEqa.o
 .debug_pubtypes
                0x00000603       0xfd /tmp/cccNK3pn.o
 .debug_pubtypes
                0x00000700       0x3a /tmp/ccaUEktA.o
 .debug_pubtypes
                0x0000073a       0x29 /tmp/cc4s2wDN.o
 .debug_pubtypes
                0x00000763       0x23 /tmp/cc8SCxU0.o
 .debug_pubtypes
                0x00000786      0x1df /tmp/ccIFwsje.o
 .debug_pubtypes
                0x00000965      0x14f /tmp/ccmkHENr.o
 .debug_pubtypes
                0x00000ab4      0x160 /tmp/ccaQgtBF.o
 .debug_pubtypes
                0x00000c14       0x48 /tmp/ccwrmHsT.o
 .debug_pubtypes
                0x00000c5c      0x176 /tmp/ccqkCes7.o
 .debug_pubtypes
                0x00000dd2       0x50 /tmp/ccugTkyl.o
 .debug_pubtypes
                0x00000e22      0x173 /tmp/ccCSuLNz.o
 .debug_pubtypes
                0x00000f95      0x169 /tmp/cckjNxtO.o
 .debug_pubtypes
                0x000010fe       0x52 /tmp/ccUdxXd3.o
 .debug_pubtypes
                0x00001150      0x189 /tmp/cckLTB9h.o
 .debug_pubtypes
                0x000012d9       0x1d /opt/or32-new/or32-elf/lib//libg.a(lib_a-memset.o)

.debug_aranges  0x00000000      0x328
 .debug_aranges
                0x00000000       0x20 /tmp/ccchOlRa.o
 .debug_aranges
                0x00000020       0x20 /tmp/cc2D4Gsm.o
 .debug_aranges
                0x00000040       0x20 /tmp/ccwHoG8x.o
 .debug_aranges
                0x00000060       0x20 /tmp/cc8WCSTJ.o
 .debug_aranges
                0x00000080       0x20 /tmp/ccOiFX0V.o
 .debug_aranges
                0x000000a0       0x20 /tmp/ccWgqNi8.o
 .debug_aranges
                0x000000c0       0x20 /tmp/ccSKeduJ.o
 .debug_aranges
                0x000000e0       0x20 /tmp/ccaKXU2V.o
 .debug_aranges
                0x00000100       0x20 /tmp/ccIV8zil.o
 .debug_aranges
                0x00000120       0x20 /tmp/ccukf1wX.o
 .debug_aranges
                0x00000140       0x20 /tmp/ccEvcEqa.o
 .debug_aranges
                0x00000160       0x20 /tmp/cccNK3pn.o
 .debug_aranges
                0x00000180       0x20 /tmp/ccaUEktA.o
 .debug_aranges
                0x000001a0       0x20 /tmp/cc4s2wDN.o
 .debug_aranges
                0x000001c0       0x20 /tmp/cc8SCxU0.o
 .debug_aranges
                0x000001e0       0x20 /tmp/ccIFwsje.o
 .debug_aranges
                0x00000200       0x20 /tmp/ccmkHENr.o
 .debug_aranges
                0x00000220       0x20 /tmp/ccaQgtBF.o
 .debug_aranges
                0x00000240       0x20 /tmp/ccqkCes7.o
 .debug_aranges
                0x00000260       0x20 /tmp/ccugTkyl.o
 .debug_aranges
                0x00000280       0x20 /tmp/ccCSuLNz.o
 .debug_aranges
                0x000002a0       0x20 /tmp/cckjNxtO.o
 .debug_aranges
                0x000002c0       0x20 /tmp/ccUdxXd3.o
 .debug_aranges
                0x000002e0       0x28 /tmp/cckLTB9h.o
 .debug_aranges
                0x00000308       0x20 /opt/or32-new/or32-elf/lib//libg.a(lib_a-memset.o)

.debug_str      0x00000000     0x1e88
 .debug_str     0x00000000       0xc6 /tmp/ccchOlRa.o
                                 0xf2 (size before relaxing)
 .debug_str     0x000000c6       0x5e /tmp/cc2D4Gsm.o
                                 0xb2 (size before relaxing)
 .debug_str     0x00000124       0x56 /tmp/ccwHoG8x.o
                                 0xb4 (size before relaxing)
 .debug_str     0x0000017a       0xd5 /tmp/cc8WCSTJ.o
                                0x141 (size before relaxing)
 .debug_str     0x0000024f       0x8d /tmp/ccOiFX0V.o
                                0x113 (size before relaxing)
 .debug_str     0x000002dc      0x69a /tmp/ccWgqNi8.o
                                0x889 (size before relaxing)
 .debug_str     0x00000976       0xa1 /tmp/cco5cdDk.o
                                0x22d (size before relaxing)
 .debug_str     0x00000a17       0x72 /tmp/ccoPYx1w.o
                                0x2b4 (size before relaxing)
 .debug_str     0x00000a89       0xb3 /tmp/ccSKeduJ.o
                                0x82e (size before relaxing)
 .debug_str     0x00000b3c      0x2d9 /tmp/ccaKXU2V.o
                                0xa61 (size before relaxing)
 .debug_str     0x00000e15       0x5a /tmp/ccuKuMD8.o
                                0x16c (size before relaxing)
 .debug_str     0x00000e6f       0x3b /tmp/ccIV8zil.o
                                0x5f8 (size before relaxing)
 .debug_str     0x00000eaa       0x4d /tmp/cc4e9NZx.o
                                0x225 (size before relaxing)
 .debug_str     0x00000ef7       0x41 /tmp/cciGHUIK.o
                                 0x8d (size before relaxing)
 .debug_str     0x00000f38       0xb0 /tmp/ccukf1wX.o
                                0x288 (size before relaxing)
 .debug_str     0x00000fe8       0x4c /tmp/ccEvcEqa.o
                                0x1cc (size before relaxing)
 .debug_str     0x00001034       0x9e /tmp/cccNK3pn.o
                                0x65b (size before relaxing)
 .debug_str     0x000010d2       0x4c /tmp/ccaUEktA.o
                                0x10b (size before relaxing)
 .debug_str     0x0000111e       0xc5 /tmp/cc4s2wDN.o
                                0x252 (size before relaxing)
 .debug_str     0x000011e3      0x10e /tmp/cc8SCxU0.o
                                0x38d (size before relaxing)
 .debug_str     0x000012f1      0x247 /tmp/ccIFwsje.o
                                0xab0 (size before relaxing)
 .debug_str     0x00001538       0x48 /tmp/ccmkHENr.o
                                0x7e0 (size before relaxing)
 .debug_str     0x00001580       0x95 /tmp/ccaQgtBF.o
                                0x926 (size before relaxing)
 .debug_str     0x00001615      0x265 /tmp/ccwrmHsT.o
                                0x335 (size before relaxing)
 .debug_str     0x0000187a       0xf6 /tmp/ccqkCes7.o
                                0x8a7 (size before relaxing)
 .debug_str     0x00001970      0x27b /tmp/ccugTkyl.o
                                0x35f (size before relaxing)
 .debug_str     0x00001beb       0x83 /tmp/ccCSuLNz.o
                                0x8e7 (size before relaxing)
 .debug_str     0x00001c6e       0xbc /tmp/cckjNxtO.o
                                0xa95 (size before relaxing)
 .debug_str     0x00001d2a       0x42 /tmp/ccUdxXd3.o
                                0x159 (size before relaxing)
 .debug_str     0x00001d6c       0x94 /tmp/cckLTB9h.o
                                0xbfe (size before relaxing)
 .debug_str     0x00001e00       0x88 /opt/or32-new/or32-elf/lib//libg.a(lib_a-memset.o)
                                0x137 (size before relaxing)

.comment        0x00000000       0x51
 .comment       0x00000000       0x51 /tmp/ccchOlRa.o
                                 0x52 (size before relaxing)
 .comment       0x00000000       0x52 /tmp/cc2D4Gsm.o
 .comment       0x00000000       0x52 /tmp/ccwHoG8x.o
 .comment       0x00000000       0x52 /tmp/cc8WCSTJ.o
 .comment       0x00000000       0x52 /tmp/ccOiFX0V.o
 .comment       0x00000000       0x52 /tmp/ccWgqNi8.o
 .comment       0x00000000       0x52 /tmp/cco5cdDk.o
 .comment       0x00000000       0x52 /tmp/ccoPYx1w.o
 .comment       0x00000000       0x52 /tmp/ccSKeduJ.o
 .comment       0x00000000       0x52 /tmp/ccaKXU2V.o
 .comment       0x00000000       0x52 /tmp/ccuKuMD8.o
 .comment       0x00000000       0x52 /tmp/ccIV8zil.o
 .comment       0x00000000       0x52 /tmp/cc4e9NZx.o
 .comment       0x00000000       0x52 /tmp/cciGHUIK.o
 .comment       0x00000000       0x52 /tmp/ccukf1wX.o
 .comment       0x00000000       0x52 /tmp/ccEvcEqa.o
 .comment       0x00000000       0x52 /tmp/cccNK3pn.o
 .comment       0x00000000       0x52 /tmp/ccaUEktA.o
 .comment       0x00000000       0x52 /tmp/cc4s2wDN.o
 .comment       0x00000000       0x52 /tmp/cc8SCxU0.o
 .comment       0x00000000       0x52 /tmp/ccIFwsje.o
 .comment       0x00000000       0x52 /tmp/ccmkHENr.o
 .comment       0x00000000       0x52 /tmp/ccaQgtBF.o
 .comment       0x00000000       0x52 /tmp/ccwrmHsT.o
 .comment       0x00000000       0x52 /tmp/ccqkCes7.o
 .comment       0x00000000       0x52 /tmp/ccugTkyl.o
 .comment       0x00000000       0x52 /tmp/ccCSuLNz.o
 .comment       0x00000000       0x52 /tmp/cckjNxtO.o
 .comment       0x00000000       0x52 /tmp/ccUdxXd3.o
 .comment       0x00000000       0x52 /tmp/cckLTB9h.o
 .comment       0x00000000       0x52 /opt/or32-new/or32-elf/lib//libg.a(lib_a-memset.o)

.debug_ranges   0x00000000      0x278
 .debug_ranges  0x00000000       0x30 /tmp/cc8WCSTJ.o
 .debug_ranges  0x00000030       0x60 /tmp/cccNK3pn.o
 .debug_ranges  0x00000090       0x20 /tmp/ccaUEktA.o
 .debug_ranges  0x000000b0       0x18 /tmp/cc8SCxU0.o
 .debug_ranges  0x000000c8       0x48 /tmp/ccIFwsje.o
 .debug_ranges  0x00000110       0x80 /tmp/ccaQgtBF.o
 .debug_ranges  0x00000190       0x18 /tmp/ccqkCes7.o
 .debug_ranges  0x000001a8       0x38 /tmp/ccCSuLNz.o
 .debug_ranges  0x000001e0       0x18 /tmp/cckjNxtO.o
 .debug_ranges  0x000001f8       0x80 /tmp/cckLTB9h.o
